
=== Mon May 11 19:44:59 2026

Packages were changed.
Update Mode: updateDependencies

The following packages were updated:
  com.unity.2d.animation from version 5.1.1 to 13.0.4
  com.unity.2d.pixel-perfect from version 4.0.1 to 5.1.1
  com.unity.2d.psdimporter from version 4.2.0 to 12.0.1
  com.unity.2d.spriteshape from version 5.2.0 to 13.0.0
  com.unity.collab-proxy from version 1.15.13 to 2.11.3
  com.unity.ide.rider from version 2.0.7 to 3.0.39
  com.unity.ide.visualstudio from version 2.0.14 to 2.0.26
  com.unity.test-framework from version 1.1.31 to 1.6.0
  com.unity.timeline from version 1.4.8 to 1.8.10
  com.unity.ugui from version 1.0.0 to 2.0.0
The following packages were removed:
  com.unity.textmeshpro@3.0.6

=== Mon May 11 19:44:59 2026

Packages were changed.
Update Mode: mergeDefaultDependencies

The following packages were added:
  com.unity.2d.animation@13.0.4
  com.unity.2d.pixel-perfect@5.1.1
  com.unity.2d.psdimporter@12.0.1
  com.unity.2d.sprite@1.0.0
  com.unity.2d.spriteshape@13.0.0
  com.unity.2d.tilemap@1.0.0
  com.unity.ide.vscode@1.2.5
